MPLINK 4.49, Linker
Linker Map File - Created Wed Nov 11 11:55:15 2020

                                 Section Info
                  Section       Type    Address   Location Size(Bytes)
                ---------  ---------  ---------  ---------  ---------
                   .org_0       code   0x000000    program   0x000000
                   .org_1       code   0x000000    program   0x000004
                   .org_2       code   0x000008    program   0x000002
                   .org_3       code   0x000018    program   0x000050



                              Program Memory Usage 
                               Start         End      
                           ---------   ---------      
                            0x000000    0x000003      
                            0x000008    0x000009      
                            0x000018    0x000067      
            86 out of 33048 program addresses used, program memory utilization is 0%



                              Symbols - Sorted by Name
                     Name    Address   Location    Storage File                     
                ---------  ---------  ---------  --------- ---------                
                   again1   0x00001e    program     static H:\Introduction to Microcontroller\QUIZ\quiz 6\Q6Q2.asm
                   again2   0x000022    program     static H:\Introduction to Microcontroller\QUIZ\quiz 6\Q6Q2.asm
              delay65msec   0x00001a    program     static H:\Introduction to Microcontroller\QUIZ\quiz 6\Q6Q2.asm
                    start   0x000064    program     static H:\Introduction to Microcontroller\QUIZ\quiz 6\Q6Q2.asm



                              Symbols - Sorted by Address
                     Name    Address   Location    Storage File                     
                ---------  ---------  ---------  --------- ---------                
              delay65msec   0x00001a    program     static H:\Introduction to Microcontroller\QUIZ\quiz 6\Q6Q2.asm
                   again1   0x00001e    program     static H:\Introduction to Microcontroller\QUIZ\quiz 6\Q6Q2.asm
                   again2   0x000022    program     static H:\Introduction to Microcontroller\QUIZ\quiz 6\Q6Q2.asm
                    start   0x000064    program     static H:\Introduction to Microcontroller\QUIZ\quiz 6\Q6Q2.asm


